{
  "Resources": {
    "testlambdasagemakernovpcstackSagemakerRole6F2D39F0": {
      "Type": "AWS::IAM::Role",
      "Properties": {
        "AssumeRolePolicyDocument": {
          "Statement": [
            {
              "Action": "sts:AssumeRole",
              "Effect": "Allow",
              "Principal": {
                "Service": "sagemaker.amazonaws.com"
              }
            }
          ],
          "Version": "2012-10-17"
        }
      }
    },
    "testlambdasagemakernovpcstackSagemakerRoleDefaultPolicyDA5BC4D5": {
      "Type": "AWS::IAM::Policy",
      "Properties": {
        "PolicyDocument": {
          "Statement": [
            {
              "Action": [
                "sagemaker:CreateTrainingJob",
                "sagemaker:DescribeTrainingJob",
                "sagemaker:CreateModel",
                "sagemaker:DescribeModel",
                "sagemaker:DeleteModel",
                "sagemaker:CreateEndpoint",
                "sagemaker:CreateEndpointConfig",
                "sagemaker:DescribeEndpoint",
                "sagemaker:DescribeEndpointConfig",
                "sagemaker:DeleteEndpoint",
                "sagemaker:DeleteEndpointConfig",
                "sagemaker:InvokeEndpoint"
              ],
              "Effect": "Allow",
              "Resource": {
                "Fn::Join": [
                  "",
                  [
                    "arn:",
                    {
                      "Ref": "AWS::Partition"
                    },
                    ":sagemaker:",
                    {
                      "Ref": "AWS::Region"
                    },
                    ":",
                    {
                      "Ref": "AWS::AccountId"
                    },
                    ":*"
                  ]
                ]
              }
            },
            {
              "Action": [
                "logs:CreateLogGroup",
                "logs:CreateLogStream",
                "logs:DescribeLogStreams",
                "logs:GetLogEvents",
                "logs:PutLogEvents"
              ],
              "Effect": "Allow",
              "Resource": {
                "Fn::Join": [
                  "",
                  [
                    "arn:",
                    {
                      "Ref": "AWS::Partition"
                    },
                    ":logs:",
                    {
                      "Ref": "AWS::Region"
                    },
                    ":",
                    {
                      "Ref": "AWS::AccountId"
                    },
                    ":log-group:/aws/sagemaker/*"
                  ]
                ]
              }
            },
            {
              "Action": "iam:GetRole",
              "Effect": "Allow",
              "Resource": {
                "Fn::GetAtt": [
                  "testlambdasagemakernovpcstackSagemakerRole6F2D39F0",
                  "Arn"
                ]
              }
            },
            {
              "Action": "iam:PassRole",
              "Condition": {
                "StringLike": {
                  "iam:PassedToService": "sagemaker.amazonaws.com"
                }
              },
              "Effect": "Allow",
              "Resource": {
                "Fn::GetAtt": [
                  "testlambdasagemakernovpcstackSagemakerRole6F2D39F0",
                  "Arn"
                ]
              }
            }
          ],
          "Version": "2012-10-17"
        },
        "PolicyName": "testlambdasagemakernovpcstackSagemakerRoleDefaultPolicyDA5BC4D5",
        "Roles": [
          {
            "Ref": "testlambdasagemakernovpcstackSagemakerRole6F2D39F0"
          }
        ]
      }
    },
    "testlambdasagemakernovpcstackEncryptionKey1149E374": {
      "Type": "AWS::KMS::Key",
      "Properties": {
        "KeyPolicy": {
          "Statement": [
            {
              "Action": [
                "kms:Create*",
                "kms:Describe*",
                "kms:Enable*",
                "kms:List*",
                "kms:Put*",
                "kms:Update*",
                "kms:Revoke*",
                "kms:Disable*",
                "kms:Get*",
                "kms:Delete*",
                "kms:ScheduleKeyDeletion",
                "kms:CancelKeyDeletion",
                "kms:GenerateDataKey",
                "kms:TagResource",
                "kms:UntagResource"
              ],
              "Effect": "Allow",
              "Principal": {
                "AWS": {
                  "Fn::Join": [
                    "",
                    [
                      "arn:",
                      {
                        "Ref": "AWS::Partition"
                      },
                      ":iam::",
                      {
                        "Ref": "AWS::AccountId"
                      },
                      ":root"
                    ]
                  ]
                }
              },
              "Resource": "*"
            }
          ],
          "Version": "2012-10-17"
        },
        "EnableKeyRotation": true
      },
      "UpdateReplacePolicy": "Retain",
      "DeletionPolicy": "Retain"
    },
    "testlambdasagemakernovpcstackSagemakerNotebook4C2E88B9": {
      "Type": "AWS::SageMaker::NotebookInstance",
      "Properties": {
        "InstanceType": "ml.t2.medium",
        "RoleArn": {
          "Fn::GetAtt": [
            "testlambdasagemakernovpcstackSagemakerRole6F2D39F0",
            "Arn"
          ]
        },
        "KmsKeyId": {
          "Ref": "testlambdasagemakernovpcstackEncryptionKey1149E374"
        }
      }
    },
    "testlambdasagemakernovpcstackLambdaFunctionServiceRole7B6F2C4D": {
      "Type": "AWS::IAM::Role",
      "Properties": {
        "AssumeRolePolicyDocument": {
          "Statement": [
            {
              "Action": "sts:AssumeRole",
              "Effect": "Allow",
              "Principal": {
                "Service": "lambda.amazonaws.com"
              }
            }
          ],
          "Version": "2012-10-17"
        },
        "Policies": [
          {
            "PolicyDocument": {
              "Statement": [
                {
                  "Action": [
                    "logs:CreateLogGroup",
                    "logs:CreateLogStream",
                    "logs:PutLogEvents"
                  ],
                  "Effect": "Allow",
                  "Resource": {
                    "Fn::Join": [
                      "",
                      [
                        "arn:",
                        {
                          "Ref": "AWS::Partition"
                        },
                        ":logs:",
                        {
                          "Ref": "AWS::Region"
                        },
                        ":",
                        {
                          "Ref": "AWS::AccountId"
                        },
                        ":log-group:/aws/lambda/*"
                      ]
                    ]
                  }
                }
              ],
              "Version": "2012-10-17"
            },
            "PolicyName": "LambdaFunctionServiceRolePolicy"
          }
        ]
      }
    },
    "testlambdasagemakernovpcstackLambdaFunctionServiceRoleDefaultPolicy934EE551": {
      "Type": "AWS::IAM::Policy",
      "Properties": {
        "PolicyDocument": {
          "Statement": [
            {
              "Action": [
                "xray:PutTraceSegments",
                "xray:PutTelemetryRecords"
              ],
              "Effect": "Allow",
              "Resource": "*"
            }
          ],
          "Version": "2012-10-17"
        },
        "PolicyName": "testlambdasagemakernovpcstackLambdaFunctionServiceRoleDefaultPolicy934EE551",
        "Roles": [
          {
            "Ref": "testlambdasagemakernovpcstackLambdaFunctionServiceRole7B6F2C4D"
          }
        ]
      },
      "Metadata": {
        "cfn_nag": {
          "rules_to_suppress": [
            {
              "id": "W12",
              "reason": "Lambda needs the following minimum required permissions to send trace data to X-Ray."
            }
          ]
        }
      }
    },
    "testlambdasagemakernovpcstackLambdaFunction5A7F3937": {
      "Type": "AWS::Lambda::Function",
      "Properties": {
        "Code": {
          "S3Bucket": {
            "Ref": "AssetParameters50c19841308501b4ad09b060159161be80516f28a324405b8b67ee9d9f6bf19bS3Bucket755D82D7"
          },
          "S3Key": {
            "Fn::Join": [
              "",
              [
                {
                  "Fn::Select": [
                    0,
                    {
                      "Fn::Split": [
                        "||",
                        {
                          "Ref": "AssetParameters50c19841308501b4ad09b060159161be80516f28a324405b8b67ee9d9f6bf19bS3VersionKeyC58BBBDE"
                        }
                      ]
                    }
                  ]
                },
                {
                  "Fn::Select": [
                    1,
                    {
                      "Fn::Split": [
                        "||",
                        {
                          "Ref": "AssetParameters50c19841308501b4ad09b060159161be80516f28a324405b8b67ee9d9f6bf19bS3VersionKeyC58BBBDE"
                        }
                      ]
                    }
                  ]
                }
              ]
            ]
          }
        },
        "Handler": "index.handler",
        "Role": {
          "Fn::GetAtt": [
            "testlambdasagemakernovpcstackLambdaFunctionServiceRole7B6F2C4D",
            "Arn"
          ]
        },
        "Runtime": "nodejs10.x",
        "Environment": {
          "Variables": {
            "AWS_NODEJS_CONNECTION_REUSE_ENABLED": "1"
          }
        },
        "TracingConfig": {
          "Mode": "Active"
        }
      },
      "DependsOn": [
        "testlambdasagemakernovpcstackLambdaFunctionServiceRoleDefaultPolicy934EE551",
        "testlambdasagemakernovpcstackLambdaFunctionServiceRole7B6F2C4D"
      ],
      "Metadata": {
        "cfn_nag": {
          "rules_to_suppress": [
            {
              "id": "W58",
              "reason": "Lambda functions has the required permission to write CloudWatch Logs. It uses custom policy instead of arn:aws:iam::aws:policy/service-role/AWSLambdaBasicExecutionRole with more tighter permissions."
            }
          ]
        }
      }
    },
    "testlambdasagemakernovpcstackLambdaFunctionPolicy978F7FDC": {
      "Type": "AWS::IAM::Policy",
      "Properties": {
        "PolicyDocument": {
          "Statement": [
            {
              "Action": "sagemaker:InvokeEndpoint",
              "Effect": "Allow",
              "Resource": {
                "Fn::Join": [
                  "",
                  [
                    "arn:",
                    {
                      "Ref": "AWS::Partition"
                    },
                    ":sagemaker:",
                    {
                      "Ref": "AWS::Region"
                    },
                    ":",
                    {
                      "Ref": "AWS::AccountId"
                    },
                    ":endpoint/*"
                  ]
                ]
              }
            }
          ],
          "Version": "2012-10-17"
        },
        "PolicyName": "testlambdasagemakernovpcstackLambdaFunctionPolicy978F7FDC",
        "Roles": [
          {
            "Ref": "testlambdasagemakernovpcstackLambdaFunctionServiceRole7B6F2C4D"
          }
        ]
      }
    }
  },
  "Parameters": {
    "AssetParameters50c19841308501b4ad09b060159161be80516f28a324405b8b67ee9d9f6bf19bS3Bucket755D82D7": {
      "Type": "String",
      "Description": "S3 bucket for asset \"50c19841308501b4ad09b060159161be80516f28a324405b8b67ee9d9f6bf19b\""
    },
    "AssetParameters50c19841308501b4ad09b060159161be80516f28a324405b8b67ee9d9f6bf19bS3VersionKeyC58BBBDE": {
      "Type": "String",
      "Description": "S3 key for asset version \"50c19841308501b4ad09b060159161be80516f28a324405b8b67ee9d9f6bf19b\""
    },
    "AssetParameters50c19841308501b4ad09b060159161be80516f28a324405b8b67ee9d9f6bf19bArtifactHash102890AC": {
      "Type": "String",
      "Description": "Artifact hash for asset \"50c19841308501b4ad09b060159161be80516f28a324405b8b67ee9d9f6bf19b\""
    }
  }
}